// Jest Snapshot v1, https://goo.gl/fbAQLP

exports[`CreatePasswordForm should render correctly by default 1`] = `
<form
  className="CreatePasswordForm"
  onSubmit={[Function]}
>
  <div
    className="CreatePasswordForm__Fields"
  >
    <FormField
      fieldName="password"
      label="Password"
    >
      <PasswordInput
        name="password"
        onChange={[Function]}
        placeholder="Password"
        value=""
      />
    </FormField>
  </div>
  <SquareButton
    type="submit"
  >
    Confirm
  </SquareButton>
</form>
`;
