// Jest Snapshot v1, https://goo.gl/fbAQLP

exports[`PrivacyPolicyCheckboxField should render correctly 1`] = `
<CheckboxFormField
  id="test-id"
  label={
    <span
      className="SignUpForm__PrivacyPolicyCheckboxLabel"
    >
      I have read the
       
      <a
        className="SignUpForm__PrivacyPolicyCheckboxLabel__Link"
        href="https://www.spottedzebra.co.uk/privacy/privacy"
        rel="noopener noreferrer"
        target="_blank"
      >
        Privacy Notice
      </a>
      , and I am an adult.
    </span>
  }
  name="test-name"
  onChange={[MockFunction]}
  value={true}
/>
`;
