// Jest Snapshot v1, https://goo.gl/fbAQLP

exports[`Modal should render correctly by default 1`] = `
<Modal
  ariaHideApp={false}
  bodyOpenClassName="ReactModal__Body--open"
  className="Modal"
  closeTimeoutMS={0}
  isOpen={true}
  onRequestClose={[MockFunction]}
  overlayClassName="ModalOverlay"
  parentSelector={[Function]}
  portalClassName="ReactModalPortal"
  role="dialog"
  shouldCloseOnEsc={true}
  shouldCloseOnOverlayClick={true}
  shouldFocusAfterRender={true}
  shouldReturnFocusAfterClose={true}
>
  <span>
    Test children
  </span>
</Modal>
`;
