// Jest Snapshot v1, https://goo.gl/fbAQLP

exports[`RestorePasswordForm should render correctly by default 1`] = `
<form
  className="RestorePasswordForm"
  onSubmit={[Function]}
>
  <div
    className="RestorePasswordForm__Fields"
  >
    <FormField
      fieldName="email"
      label="Email"
    >
      <Input
        name="email"
        onChange={[Function]}
        placeholder="Email"
        value=""
      />
    </FormField>
  </div>
  <SquareButton
    type="submit"
  >
    Reset password
  </SquareButton>
</form>
`;
